---
source: petal_core/src/parser.rs
expression: "parse_expr(\"1\")"
---
(
    [],
    [
        ExprNode {
            expr: Integer(
                1,
            ),
            span: Span {
                start: Pos(
                    0,
                ),
                end: Some(
                    Pos(
                        0,
                    ),
                ),
            },
        },
    ],
)
