---
source: petal_core/src/parser.rs
expression: "parse_expr(\"(foo)\")"
---
(
    [
        Identifier {
            name: "foo",
            span: Span {
                start: Pos(
                    1,
                ),
                end: Some(
                    Pos(
                        3,
                    ),
                ),
            },
            symbol_id: None,
        },
    ],
    [
        ExprNode {
            expr: Ident(
                IdentId(
                    1v1,
                ),
            ),
            span: Span {
                start: Pos(
                    1,
                ),
                end: Some(
                    Pos(
                        3,
                    ),
                ),
            },
        },
    ],
)
