---
source: src/petal/lexer.rs
expression: tokens
---
[]
