---
source: src/petal/lexer.rs
expression: "lex(\"   ()\\n(\\n    (\".to_string())"
---
[
    Token {
        token_type: LeftParen,
        lexeme: "(",
        literal: None,
        span: Span {
            start: Pos {
                line: 0,
                col: 4,
            },
            end: Pos {
                line: 0,
                col: 4,
            },
        },
    },
    Token {
        token_type: RightParen,
        lexeme: ")",
        literal: None,
        span: Span {
            start: Pos {
                line: 0,
                col: 5,
            },
            end: Pos {
                line: 0,
                col: 5,
            },
        },
    },
    Token {
        token_type: LeftParen,
        lexeme: "(",
        literal: None,
        span: Span {
            start: Pos {
                line: 1,
                col: 0,
            },
            end: Pos {
                line: 1,
                col: 0,
            },
        },
    },
    Token {
        token_type: LeftParen,
        lexeme: "(",
        literal: None,
        span: Span {
            start: Pos {
                line: 2,
                col: 4,
            },
            end: Pos {
                line: 2,
                col: 4,
            },
        },
    },
]
