---
source: src/petal/parser.rs
expression: "parse_expr(\"a\")"
---
[
    ExprNode {
        expr: Ident(
            Identifier {
                name: "a",
                span: Span {
                    start: Pos(
                        0,
                    ),
                    end: Some(
                        Pos(
                            0,
                        ),
                    ),
                },
            },
        ),
        span: Span {
            start: Pos(
                0,
            ),
            end: Some(
                Pos(
                    0,
                ),
            ),
        },
    },
]
