---
source: src/petal/parser.rs
expression: "parse_stmt(\"fn foo<T>() {}\")"
---
Func(
    FuncDecl {
        name: "foo",
        is_exported: false,
        type_params: [
            TypeAnnotation {
                name: "T",
                span: Span {
                    start: Pos {
                        line: 0,
                        col: 8,
                    },
                    end: Pos {
                        line: 0,
                        col: 8,
                    },
                },
            },
        ],
        args: [],
        return_ty: None,
        body: Block {
            statements: [],
            span: Span {
                start: Pos {
                    line: 0,
                    col: 13,
                },
                end: Pos {
                    line: 0,
                    col: 14,
                },
            },
        },
        span: Span {
            start: Pos {
                line: 0,
                col: 1,
            },
            end: Pos {
                line: 0,
                col: 14,
            },
        },
    },
)
